
--- 1. Dataset ---
 Student  Study Hours  Pass (1)/Fail (0)
       1            2                  0
       2            4                  0
       3            6                  1
       4            8                  1
       5           10                  1

--- 2. Root Node Gini Impurity (Initial) ---
Gini Impurity: 0.4800

--- 3. Evaluating All Possible Splits ---
Split (Study Hours)  Weighted Gini  Gini Gain  Gini Left  Gini Right
               <= 3         0.3000     0.1800     0.0000      0.3750
               <= 5         0.0000     0.4800     0.0000      0.0000
               <= 7         0.2667     0.2133     0.4444      0.0000
               <= 9         0.4000     0.0800     0.5000      0.0000

==================================================
--- 4. Chosen Split and First-Level Tree Visualization ---
Chosen Split (Lowest Weighted Gini): **Study Hours <= 5**
Weighted Gini Impurity: 0.0000
Gini Gain: 0.4800
==================================================

ROOT (N=5, Gini=0.4800)
  |
  |--- IF Study Hours <= 5 (LEFT CHILD)
  |       (N=2, Gini=0.0000)
  |       Classes: Pass(0), Fail(2)
  |       Prediction: Fail (0) (Pure Node: True)
  |
  |--- ELSE (Study Hours > 5) (RIGHT CHILD)
          (N=3, Gini=0.0000)
          Classes: Pass(3), Fail(0)
          Prediction: Pass (1) (Pure Node: True)


